<html>
<body>
<pre>
<h1>µVision Build Log</h1>
<h2>Tool Versions:</h2>
IDE-Version: ¦ÌVision V5.26.2.0
Copyright (C) 2018 ARM Ltd and ARM Germany GmbH. All rights reserved.
License Information:  ,  , LIC=RC93N-YLJYL-JJH6S-LI3Z1-D1AV2-99PL8
 
Tool Versions:
Toolchain:       MDK-ARM Plus  Version: 5.26.2.0
Toolchain Path:  D:\KEIL\azwz\ARM\ARMCC\Bin
C Compiler:      Armcc.exe V5.06 update 6 (build 750)
Assembler:       Armasm.exe V5.06 update 6 (build 750)
Linker/Locator:  ArmLink.exe V5.06 update 6 (build 750)
Library Manager: ArmAr.exe V5.06 update 6 (build 750)
Hex Converter:   FromElf.exe V5.06 update 6 (build 750)
CPU DLL:         SARMCM3.DLL V5.26.2.0
Dialog DLL:      DCM.DLL V1.17.2.0
Target DLL:      STLink\ST-LINKIII-KEIL_SWO.dll V3.0.5.0
Dialog DLL:      TCM.DLL V1.36.1.0
 
<h2>Project:</h2>
E:\ÏîÄ¿\AS7341\Code\AS7341_Spectral_Color_Sensor_code\STM32\OpenH743I-C\MDK-ARM\I2C.uvprojx
Project File Date:  09/17/2021

<h2>Output:</h2>
*** Using Compiler 'V5.06 update 6 (build 750)', folder: 'D:\KEIL\azwz\ARM\ARMCC\Bin'
Build target 'I2C'
assembling startup_stm32h743xx.s...
compiling stm32h7xx_it.c...
compiling usart.c...
compiling gpio.c...
compiling i2c.c...
compiling main.c...
compiling stm32h7xx_hal_msp.c...
compiling stm32h7xx_hal_tim.c...
compiling stm32h7xx_hal_i2c_ex.c...
compiling stm32h7xx_hal_cortex.c...
compiling stm32h7xx_hal_i2c.c...
compiling stm32h7xx_hal_uart_ex.c...
compiling stm32h7xx_hal_tim_ex.c...
compiling stm32h7xx_hal_uart.c...
compiling stm32h7xx_hal_rcc.c...
compiling stm32h7xx_hal_rcc_ex.c...
compiling stm32h7xx_hal_hsem.c...
compiling stm32h7xx_hal_gpio.c...
compiling stm32h7xx_hal_flash_ex.c...
compiling stm32h7xx_hal_dma.c...
compiling stm32h7xx_hal_flash.c...
compiling stm32h7xx_hal_pwr.c...
compiling stm32h7xx_hal.c...
compiling stm32h7xx_hal_dma_ex.c...
compiling stm32h7xx_hal_mdma.c...
compiling stm32h7xx_hal_pwr_ex.c...
compiling Waveshare_AS7341.c...
compiling Getflicker_test.c...
compiling system_stm32h7xx.c...
compiling Getdata_test.c...
compiling clear.c...
compiling Syns_test.c...
compiling DEV_Config.c...
compiling INT_test.c...
compiling pinINT_test.c...
linking...
Program Size: Code=13572 RO-data=912 RW-data=28 ZI-data=1228  
FromELF: creating hex file...
"I2C\I2C.axf" - 0 Error(s), 0 Warning(s).

<h2>Software Packages used:</h2>

Package Vendor: ARM
                http://www.keil.com/pack/ARM.CMSIS.5.9.0.pack
                ARM.CMSIS.5.9.0
                CMSIS (Common Microcontroller Software Interface Standard)
   * Component: CORE Version: 5.6.0

Package Vendor: Keil
                https://www.keil.com/pack/Keil.STM32H7xx_DFP.2.3.1.pack
                Keil.STM32H7xx_DFP.2.3.1
                STMicroelectronics STM32H7 Series Device Support and Examples

<h2>Collection of Component include folders:</h2>
  .\RTE\_I2C
  D:\KEIL\azwz\ARM\PACK\ARM\CMSIS\5.9.0\CMSIS\Core\Include
  D:\KEIL\azwz\ARM\PACK\Keil\STM32H7xx_DFP\2.3.1\Drivers\CMSIS\Device\ST\STM32H7xx\Include

<h2>Collection of Component Files used:</h2>

   * Component: ARM::CMSIS:CORE:5.6.0
Build Time Elapsed:  00:02:05
</pre>
</body>
</html>
